2025-07-28 19:51:51,510 - data_integration - INFO - Starting data integration pipeline...
2025-07-28 19:51:51,510 - data_integration - INFO - Setting up database schema...
2025-07-28 19:51:51,515 - data_integration - INFO - Database schema setup completed
2025-07-28 19:51:51,515 - data_integration - INFO - Creating unified dataset...
2025-07-28 19:51:51,515 - data_integration - INFO - Integrating Project 1 data...
2025-07-28 19:51:51,517 - data_integration - WARNING - FRED data file not found, will collect fresh data
2025-07-28 19:51:51,523 - data_integration - INFO - Loaded US scraping data: 105 records
2025-07-28 19:51:51,524 - data_integration - INFO - Loaded Japan scraping data: 87 records
2025-07-28 19:51:51,524 - data_integration - INFO - Integrating Project 2 data...
2025-07-28 19:51:51,561 - data_integration - INFO - Loaded combined data: 10888 records
2025-07-28 19:51:51,567 - data_integration - INFO - Loaded sentiment data: 1299 records from project-2-group-3-main/datasets/new_news_data/us_news_sentiments.csv
2025-07-28 19:51:51,572 - data_integration - INFO - Loaded sentiment data: 1299 records from project-2-group-3-main/datasets/new_news_data/us_news.csv
2025-07-28 19:51:51,574 - data_integration - INFO - Integrating Project 3 data...
2025-07-28 19:51:51,586 - data_integration - INFO - Loaded nikkei data: 10366 records
2025-07-28 19:51:51,596 - data_integration - INFO - Loaded sp500 data: 10260 records
2025-07-28 19:51:51,596 - data_integration - INFO - Integrating Project 4 data...
2025-07-28 19:51:51,597 - data_integration - INFO - Added sentiment data to unified dataset
2025-07-28 19:51:51,598 - data_integration - INFO - Added Nikkei data to unified dataset
2025-07-28 19:51:51,598 - data_integration - INFO - Added S&P 500 data to unified dataset
2025-07-28 19:51:51,727 - data_integration - INFO - Created unified dataset with 10888 records
2025-07-28 19:51:51,728 - data_integration - INFO - Populating database with unified data...
2025-07-28 19:51:51,775 - data_integration - INFO - Database populated with 10888 records
2025-07-28 19:51:51,775 - data_integration - INFO - Data integration pipeline completed successfully
2025-07-28 19:51:51,790 - currency_prediction_system_simple - INFO - Starting Currency Prediction API...
2025-07-28 19:53:07,699 - data_integration - INFO - Starting data integration pipeline...
2025-07-28 19:53:07,699 - data_integration - INFO - Setting up database schema...
2025-07-28 19:53:07,709 - __main__ - ERROR - System error: no such column: exchange_rate_USD_JY
2025-07-28 19:54:46,730 - data_integration - INFO - Starting data integration pipeline...
2025-07-28 19:54:46,730 - data_integration - INFO - Setting up database schema...
2025-07-28 19:54:46,741 - data_integration - INFO - Database schema setup completed
2025-07-28 19:54:46,741 - data_integration - INFO - Creating unified dataset...
2025-07-28 19:54:46,741 - data_integration - INFO - Integrating Project 1 data...
2025-07-28 19:54:46,742 - data_integration - WARNING - FRED data file not found, will collect fresh data
2025-07-28 19:54:46,746 - data_integration - INFO - Loaded US scraping data: 105 records
2025-07-28 19:54:46,748 - data_integration - INFO - Loaded Japan scraping data: 87 records
2025-07-28 19:54:46,748 - data_integration - INFO - Integrating Project 2 data...
2025-07-28 19:54:46,772 - data_integration - INFO - Loaded combined data: 10888 records
2025-07-28 19:54:46,777 - data_integration - INFO - Loaded sentiment data: 1299 records from project-2-group-3-main/datasets/new_news_data/us_news_sentiments.csv
2025-07-28 19:54:46,782 - data_integration - INFO - Loaded sentiment data: 1299 records from project-2-group-3-main/datasets/new_news_data/us_news.csv
2025-07-28 19:54:46,782 - data_integration - INFO - Integrating Project 3 data...
2025-07-28 19:54:46,792 - data_integration - INFO - Loaded nikkei data: 10366 records
2025-07-28 19:54:46,801 - data_integration - INFO - Loaded sp500 data: 10260 records
2025-07-28 19:54:46,801 - data_integration - INFO - Integrating Project 4 data...
2025-07-28 19:54:46,801 - data_integration - INFO - Added sentiment data to unified dataset
2025-07-28 19:54:46,801 - data_integration - INFO - Added Nikkei data to unified dataset
2025-07-28 19:54:46,801 - data_integration - INFO - Added S&P 500 data to unified dataset
2025-07-28 19:54:46,921 - data_integration - INFO - Created unified dataset with 10888 records
2025-07-28 19:54:46,922 - data_integration - INFO - Populating database with unified data...
2025-07-28 19:54:46,965 - data_integration - INFO - Database populated with 10888 records
2025-07-28 19:54:46,965 - data_integration - INFO - Data integration pipeline completed successfully
2025-07-28 19:54:46,976 - currency_prediction_system_simple - INFO - Starting Currency Prediction API...
2025-07-28 19:56:26,398 - data_integration - INFO - Starting data integration pipeline...
2025-07-28 19:56:26,398 - data_integration - INFO - Setting up database schema...
2025-07-28 19:56:26,419 - data_integration - INFO - Database schema setup completed
2025-07-28 19:56:26,419 - data_integration - INFO - Creating unified dataset...
2025-07-28 19:56:26,419 - data_integration - INFO - Integrating Project 1 data...
2025-07-28 19:56:26,420 - data_integration - WARNING - FRED data file not found, will collect fresh data
2025-07-28 19:56:26,424 - data_integration - INFO - Loaded US scraping data: 105 records
2025-07-28 19:56:26,426 - data_integration - INFO - Loaded Japan scraping data: 87 records
2025-07-28 19:56:26,426 - data_integration - INFO - Integrating Project 2 data...
2025-07-28 19:56:26,450 - data_integration - INFO - Loaded combined data: 10888 records
2025-07-28 19:56:26,456 - data_integration - INFO - Loaded sentiment data: 1299 records from project-2-group-3-main/datasets/new_news_data/us_news_sentiments.csv
2025-07-28 19:56:26,463 - data_integration - INFO - Loaded sentiment data: 1299 records from project-2-group-3-main/datasets/new_news_data/us_news.csv
2025-07-28 19:56:26,463 - data_integration - INFO - Integrating Project 3 data...
2025-07-28 19:56:26,477 - data_integration - INFO - Loaded nikkei data: 10366 records
2025-07-28 19:56:26,490 - data_integration - INFO - Loaded sp500 data: 10260 records
2025-07-28 19:56:26,490 - data_integration - INFO - Integrating Project 4 data...
2025-07-28 19:56:26,490 - data_integration - INFO - Added sentiment data to unified dataset
2025-07-28 19:56:26,490 - data_integration - INFO - Added Nikkei data to unified dataset
2025-07-28 19:56:26,491 - data_integration - INFO - Added S&P 500 data to unified dataset
2025-07-28 19:56:26,614 - data_integration - INFO - Created unified dataset with 10888 records
2025-07-28 19:56:26,614 - data_integration - INFO - Populating database with unified data...
2025-07-28 19:56:26,659 - data_integration - INFO - Database populated with 10888 records
2025-07-28 19:56:26,660 - data_integration - INFO - Data integration pipeline completed successfully
2025-07-28 19:56:26,671 - currency_prediction_system_simple - INFO - Starting Currency Prediction API...
2025-07-28 19:56:26,671 - __main__ - ERROR - System error: 'Config' object has no attribute 'API_PORT'
2025-07-28 19:57:24,251 - data_integration - INFO - Starting data integration pipeline...
2025-07-28 19:57:24,252 - data_integration - INFO - Setting up database schema...
2025-07-28 19:57:24,265 - data_integration - INFO - Database schema setup completed
2025-07-28 19:57:24,266 - data_integration - INFO - Creating unified dataset...
2025-07-28 19:57:24,266 - data_integration - INFO - Integrating Project 1 data...
2025-07-28 19:57:24,268 - data_integration - WARNING - FRED data file not found, will collect fresh data
2025-07-28 19:57:24,271 - data_integration - INFO - Loaded US scraping data: 105 records
2025-07-28 19:57:24,272 - data_integration - INFO - Loaded Japan scraping data: 87 records
2025-07-28 19:57:24,272 - data_integration - INFO - Integrating Project 2 data...
2025-07-28 19:57:24,295 - data_integration - INFO - Loaded combined data: 10888 records
2025-07-28 19:57:24,301 - data_integration - INFO - Loaded sentiment data: 1299 records from project-2-group-3-main/datasets/new_news_data/us_news_sentiments.csv
2025-07-28 19:57:24,306 - data_integration - INFO - Loaded sentiment data: 1299 records from project-2-group-3-main/datasets/new_news_data/us_news.csv
2025-07-28 19:57:24,307 - data_integration - INFO - Integrating Project 3 data...
2025-07-28 19:57:24,318 - data_integration - INFO - Loaded nikkei data: 10366 records
2025-07-28 19:57:24,327 - data_integration - INFO - Loaded sp500 data: 10260 records
2025-07-28 19:57:24,327 - data_integration - INFO - Integrating Project 4 data...
2025-07-28 19:57:24,327 - data_integration - INFO - Added sentiment data to unified dataset
2025-07-28 19:57:24,327 - data_integration - INFO - Added Nikkei data to unified dataset
2025-07-28 19:57:24,327 - data_integration - INFO - Added S&P 500 data to unified dataset
2025-07-28 19:57:24,446 - data_integration - INFO - Created unified dataset with 10888 records
2025-07-28 19:57:24,446 - data_integration - INFO - Populating database with unified data...
2025-07-28 19:57:24,492 - data_integration - INFO - Database populated with 10888 records
2025-07-28 19:57:24,492 - data_integration - INFO - Data integration pipeline completed successfully
2025-07-28 19:57:24,503 - currency_prediction_system_simple - INFO - Starting Currency Prediction API...
2025-07-28 19:57:24,539 - werkzeug - INFO - [31m[1mWARNING: This is a development server. Do not use it in a production deployment. Use a production WSGI server instead.[0m
 * Running on all addresses (0.0.0.0)
 * Running on http://127.0.0.1:8080
 * Running on http://192.168.12.21:8080
2025-07-28 19:57:24,539 - werkzeug - INFO - [33mPress CTRL+C to quit[0m
2025-07-28 19:57:48,703 - werkzeug - INFO - 127.0.0.1 - - [28/Jul/2025 19:57:48] "[33mGET /api/v1/employees HTTP/1.1[0m" 404 -
2025-07-28 19:57:48,707 - werkzeug - INFO - 127.0.0.1 - - [28/Jul/2025 19:57:48] "[33mGET /api/v1/employees HTTP/1.1[0m" 404 -
2025-07-28 19:57:52,358 - werkzeug - INFO - 127.0.0.1 - - [28/Jul/2025 19:57:52] "GET / HTTP/1.1" 200 -
2025-07-28 19:57:53,394 - werkzeug - INFO - 127.0.0.1 - - [28/Jul/2025 19:57:53] "[33mGET /favicon.ico HTTP/1.1[0m" 404 -
